函数定义:(1)
   类型: int
   函数名:talk
      无参函数
   复合语句:(1)
      复合语句的变量定义部分:
         局部变量定义:(1)
            类型: int
            变量名:
                   b ASSIGNOP
                     INT:1
      复合语句的语句部分:
         返回语句:(1)
            ID: b
 函数定义:(12)
   类型: int
   函数名:main
      无参函数
   复合语句:(12)
      复合语句的变量定义部分:
         局部变量定义:(3)
            类型: int
            变量名:
                   a
         局部变量定义:(4)
            类型: int
            变量名:
                   b ASSIGNOP
                     FLAOT:5.000000
         局部变量定义:(5)
            类型: int
            变量名:
                   i ASSIGNOP
                     INT:0
      复合语句的语句部分:
         循环语句:(9)
            循环定义:
               ASSIGNOP
                  ID: i
                  INT:0
            循环条件:
               <
                  ID: i
                  INT:3
            变量变化表达式:(9)
               ASSIGNOP
                  ID: i
                  PLUS
                     ID: i
                     INT:1
            循环体:(9)
               复合语句:(9)
                  复合语句的变量定义部分:
                  复合语句的语句部分:
                     表达式语句:(8)
                        ASSIGNOP
                           ID: i
                           PLUS
                              ID: i
                              INT:1
         表达式语句:(10)
            函数调用:(10)
               函数名:talk
         返回语句:(11)
            INT:0
变量名  别 名  层 号  类  型 标记 偏移量
  read             0     int    F      4
 write             0     int    F      4
     x             1     int    P     12
  talk     v1      0     int    F      0
     b     v2      1     int    V     12
        temp1      1     int    T     16
变量名  别 名  层 号  类  型 标记 偏移量
  read             0     int    F      4
 write             0     int    F      4
     x             1     int    P     12
  talk     v1      0     int    F     20
  main     v3      0     int    F      0
     a     v4      1     int    V     12
     b     v5      1     int    V     16
        temp2      1   float    T     20
     i     v6      1     int    V     24
        temp3      1     int    T     28
        temp4      2     int    T     32
        temp5      2     int    T     36
        temp6      2     int    T     40
        temp7      2     int    T     44
        temp8      2     int    T     44
        temp9      2     int    T     44
       temp10      2     int    T     48
变量名  别 名  层 号  类  型 标记 偏移量
  read             0     int    F      4
 write             0     int    F      4
     x             1     int    P     12
  talk     v1      0     int    F     20
  main     v3      0     int    F      0
     a     v4      1     int    V     12
     b     v5      1     int    V     16
        temp2      1   float    T     20
     i     v6      1     int    V     24
        temp3      1     int    T     28
       temp11      1     int    T     32
       temp12      1     int    T     32

FUNCTION talk :
  temp1 := #1
  v2 := temp1
  RETURN v2
LABEL label1 :

FUNCTION main :
  temp2 := #5.000000
  v5 := temp2
  temp3 := #0
  v6 := temp3
  temp4 := #0
  v6 := temp4
  temp7 := #3
  IF v6 < temp7 GOTO label4
  GOTO label3
LABEL label5 :
  temp5 := #1
  temp6 := v6 + temp5
  v6 := temp6
LABEL label4 :
  temp9 := #1
  temp10 := v6 + temp9
  v6 := temp10
  GOTO label5
LABEL label3 :
  temp11 := CALL talk
  temp12 := #0
  RETURN temp12
LABEL label2 :
